=== RUN   TestInitialization
--- PASS: TestInitialization (0.00s)
=== RUN   TestPasswordHashing
--- PASS: TestPasswordHashing (0.12s)
=== RUN   TestPasswordComparison
--- PASS: TestPasswordComparison (0.15s)
=== RUN   TestPasswordEdgeCases
    test_002_passwords_test.go:76: Failed to hash long password: bcrypt: password length exceeds 72 bytes
    test_002_passwords_test.go:81: Password comparison failed for long password: crypto/bcrypt: hashedSecret too short to be a bcrypted password
--- FAIL: TestPasswordEdgeCases (0.10s)
=== RUN   TestSignUp
--- PASS: TestSignUp (0.10s)
=== RUN   TestSignUpWithDifferentKeys
--- PASS: TestSignUpWithDifferentKeys (0.15s)
=== RUN   TestSignUpWithInvalidInputs
    test_003_signup_test.go:105: Sign-up with empty key should fail
    test_003_signup_test.go:111: Sign-up with empty password should fail
--- FAIL: TestSignUpWithInvalidInputs (0.10s)
=== RUN   TestSignIn
--- PASS: TestSignIn (0.10s)
=== RUN   TestSignInWithInvalidCredentials
--- PASS: TestSignInWithInvalidCredentials (0.10s)
=== RUN   TestMultipleSignIns
    test_004_signin_test.go:133: JWT tokens should be different for different sign-ins
    test_004_signin_test.go:137: Refresh tokens should be different for different sign-ins
--- FAIL: TestMultipleSignIns (0.15s)
=== RUN   TestTokenValidation
--- PASS: TestTokenValidation (0.10s)
=== RUN   TestInvalidTokenValidation
--- PASS: TestInvalidTokenValidation (0.10s)
=== RUN   TestTokenWithDifferentCustomConfig
--- PASS: TestTokenWithDifferentCustomConfig (6.10s)
=== RUN   TestTokenRefresh
    test_006_token_refresh_test.go:47: New JWT should be different from old JWT
    test_006_token_refresh_test.go:51: New refresh token should be different from old refresh token
    test_006_token_refresh_test.go:55: New expiration time should be later than old expiration time
    test_006_token_refresh_test.go:61: Old refresh token should no longer be valid
--- FAIL: TestTokenRefresh (0.23s)
=== RUN   TestRefreshWithInvalidToken
Error parsing refresh token: token is malformed: token contains an invalid number of segments
Error parsing refresh token: token is malformed: token contains an invalid number of segments
--- PASS: TestRefreshWithInvalidToken (0.00s)
=== RUN   TestRefreshWithRevokedToken
Invalid stored refresh token
--- PASS: TestRefreshWithRevokedToken (0.11s)
=== RUN   TestMultipleRefreshes
--- PASS: TestMultipleRefreshes (0.40s)
=== RUN   TestSignOut
Invalid stored refresh token
--- PASS: TestSignOut (0.13s)
=== RUN   TestSignOutAll
--- PASS: TestSignOutAll (0.15s)
=== RUN   TestDeleteUser
--- PASS: TestDeleteUser (0.10s)
=== RUN   TestStorageErrors
Invalid stored refresh token
--- PASS: TestStorageErrors (0.15s)
=== RUN   TestConcurrentTokenRefresh
    test_008_edge_cases_test.go:192: Expected at least one refresh to fail when used concurrently
--- FAIL: TestConcurrentTokenRefresh (0.10s)
=== RUN   TestEmptySecret
--- PASS: TestEmptySecret (0.10s)
FAIL
FAIL	github.com/adamjr36/auth/tests	9.009s
FAIL
